// Jest Snapshot v1, https://goo.gl/fbAQLP

exports[`Renders correctly 1`] = `
<div>
  <div
    className="mui-fixed exportFab"
  >
    <WithStyles(Tooltip)
      title="Send to Saturn"
    >
      <WithStyles(Button)
        color="secondary"
        onClick={[Function]}
        variant="fab"
      >
        <pure(CloudUpload) />
      </WithStyles(Button)>
    </WithStyles(Tooltip)>
  </div>
  <div>
    <WithStyles(Dialog)
      aria-labelledby="form-dialog-title"
      open={false}
    >
      <WithStyles(DialogContent)>
        <TextField
          autoFocus={true}
          fullWidth={true}
          helperText="A cohort with this name will be created in Saturn"
          id="name"
          label="Cohort Name"
          margin="dense"
          onChange={[Function]}
          onKeyPress={[Function]}
          required={false}
          select={false}
          type="text"
        />
      </WithStyles(DialogContent)>
      <WithStyles(DialogActions)>
        <WithStyles(Button)
          color="primary"
          onClick={[Function]}
        >
          Cancel
        </WithStyles(Button)>
        <WithStyles(Button)
          color="primary"
          id="save"
          onClick={[Function]}
        >
          Send
        </WithStyles(Button)>
      </WithStyles(DialogActions)>
    </WithStyles(Dialog)>
  </div>
</div>
`;
