// Jest Snapshot v1, https://goo.gl/fbAQLP

exports[`Renders correctly 1`] = `
<WithStyles(Dialog)
  aria-labelledby="form-dialog-title"
>
  <WithStyles(DialogTitle)
    id="form-dialog-title"
  >
    Export to Saturn
  </WithStyles(DialogTitle)>
  <WithStyles(DialogContent)>
    <TextField
      autoFocus={true}
      fullWidth={true}
      id="workspace-namespace"
      label="Workspace Namespace"
      margin="dense"
      required={false}
      select={false}
    />
    <TextField
      fullWidth={true}
      id="workspace-name"
      label="Workspace Name"
      margin="dense"
      required={false}
      select={false}
    />
  </WithStyles(DialogContent)>
  <WithStyles(DialogActions)>
    <WithStyles(Button)
      color="primary"
    >
      Cancel
    </WithStyles(Button)>
    <WithStyles(Button)
      color="primary"
      disabled={true}
    >
      Export
    </WithStyles(Button)>
  </WithStyles(DialogActions)>
</WithStyles(Dialog)>
`;
