// Jest Snapshot v1, https://goo.gl/fbAQLP

exports[`Renders correctly 1`] = `
<WithStyles(GridList)
  cellHeight="auto"
  className="gridList"
  cols={3}
  padding={1}
>
  <WithStyles(GridListTile)
    key="Facet 1"
  >
    <FacetCard
      facet={
        Facet {
          "description": undefined,
          "name": "Facet 1",
          "values": Array [
            FacetValue {
              "count": 10,
              "name": "FacetValue 1",
            },
            FacetValue {
              "count": 20,
              "name": "FacetValue 2",
            },
          ],
        }
      }
      updateFacets={[Function]}
    />
  </WithStyles(GridListTile)>
  <WithStyles(GridListTile)
    key="Facet 2"
  >
    <FacetCard
      facet={
        Facet {
          "description": undefined,
          "name": "Facet 2",
          "values": Array [
            FacetValue {
              "count": 10,
              "name": "FacetValue 1",
            },
            FacetValue {
              "count": 20,
              "name": "FacetValue 2",
            },
          ],
        }
      }
      updateFacets={[Function]}
    />
  </WithStyles(GridListTile)>
</WithStyles(GridList)>
`;
